// Jest Snapshot v1, https://goo.gl/fbAQLP

exports[`api::models::CRUDAsset The model is defined properly 1`] = `
Object {
  "attributes": Object {
    "fileDirectory": Object {
      "required": true,
      "type": "string",
    },
    "hash": Object {
      "required": true,
      "type": "string",
      "unique": true,
    },
    "model": Object {
      "required": true,
      "type": "string",
    },
    "name": Object {
      "required": true,
      "type": "string",
    },
    "type": Object {
      "required": true,
      "type": "string",
    },
    "url": Object {
      "type": "string",
    },
  },
}
`;
